[28Jul2026 17:15:43.700] [main/INFO] [net.neoforged.fml.startup.Entrypoint/]: JVM Uptime at startup: 91ms
[28Jul2026 17:15:43.709] [main/INFO] [net.neoforged.fml.loading.FMLLoader/]: Starting FancyModLoader version 11.0.15 (CLIENT in DEV)
[28Jul2026 17:15:43.709] [main/INFO] [net.neoforged.fml.loading.FMLLoader/]: Game directory: E:\Minecraft\Personal\Mods\26.1.2\questboxselect\runs\client
[28Jul2026 17:15:43.749] [main/INFO] [net.neoforged.fml.loading.EarlyServiceDiscovery/]: Found 2 early service jars (out of 114) in 18ms
[28Jul2026 17:15:43.750] [main/INFO] [net.neoforged.fml.loading.FMLLoader/]: Loading FML Early Services:
[28Jul2026 17:15:43.750] [main/INFO] [net.neoforged.fml.loading.FMLLoader/]:  - C:/Users/rylex/.gradle/caches/modules-2/files-2.1/net.neoforged.fancymodloader/earlydisplay/11.0.15/b254aa4ec40828f8ce65411dcb7fb9f6ce008064/earlydisplay-11.0.15.jar
[28Jul2026 17:15:43.751] [main/INFO] [net.neoforged.fml.loading.FMLLoader/]:  - C:/Users/rylex/.gradle/caches/modules-2/files-2.1/net.neoforged.fancymodloader/loader/11.0.15/69ddd98736a6b095783523404d1af8992842722/loader-11.0.15.jar
[28Jul2026 17:15:43.754] [main/INFO] [net.neoforged.fml.loading.ImmediateWindowHandler/]: Loading ImmediateWindowProvider fmlearlywindow
[28Jul2026 17:15:44.348] [ForkJoinPool.commonPool-worker-11/INFO] [net.neoforged.fml.loading.moddiscovery.locators.GameLocator/]: Detected a joined NeoForge and Minecraft configuration. Applying filtering...
[28Jul2026 17:15:44.407] [ForkJoinPool.commonPool-worker-11/INFO] [net.neoforged.fml.loading.moddiscovery.locators.InDevFolderLocator/CORE]: Got mod coordinates questboxselect%%E:\Minecraft\Personal\Mods\26.1.2\questboxselect\build\classes\java\main;questboxselect%%E:\Minecraft\Personal\Mods\26.1.2\questboxselect\build\resources\main from env
[28Jul2026 17:15:44.421] [fml-loadingscreen/INFO] [net.neoforged.fml.earlydisplay.render.LoadingScreenRenderer/]: GL info: NVIDIA GeForce RTX 5090/PCIe/SSE2 GL version 3.3.0 NVIDIA 610.47, NVIDIA Corporation
[28Jul2026 17:15:44.739] [ForkJoinPool.commonPool-worker-11/INFO] [net.neoforged.fml.loading.moddiscovery.locators.JarInJarDependencyLocator/]: Found 3 dependencies adding them to mods collection
[28Jul2026 17:15:44.740] [ForkJoinPool.commonPool-worker-11/INFO] [net.neoforged.fml.loading.moddiscovery.ModDiscoverer/]: 
     Mod List:
		Name Version (Mod Id)

		FTB Library 26.1.2.6 (ftblibrary)
		FTB Quests 26.1.2.2 (ftbquests)
		FTB Teams 26.1.2.4 (ftbteams)
		Minecraft 26.1.2 (minecraft)
		NeoForge 26.1.2.87 (neoforge)
		Quest Box Select 0.1.0 (questboxselect)
[28Jul2026 17:15:44.882] [main/INFO] [mixin/]: SpongePowered MIXIN Subsystem Version=0.8.7 Source=file:/C:/Users/rylex/.gradle/caches/modules-2/files-2.1/net.fabricmc/sponge-mixin/0.17.3+mixin.0.8.7/41c4a3984a80f4679e759fb9f495587acc5cdac7/sponge-mixin-0.17.3+mixin.0.8.7.jar Service=FML Env=CLIENT
[28Jul2026 17:15:44.893] [main/INFO] [net.neoforged.fml.loading.FMLLoader/]: Loading FML Plugins:
[28Jul2026 17:15:44.893] [main/INFO] [net.neoforged.fml.loading.FMLLoader/]:  - C:/Users/rylex/.gradle/caches/modules-2/files-2.1/dev.ftb.mods/ftb-library-neoforge/26.1.2.6/28fe8c8ec9d33e0beb84b26716010373d63bb560/ftb-library-neoforge-26.1.2.6.jar > json5-java-3.0.0.jar
[28Jul2026 17:15:44.893] [main/INFO] [net.neoforged.fml.loading.FMLLoader/]:  - C:/Users/rylex/.gradle/caches/modules-2/files-2.1/net.neoforged/neoforge/26.1.2.87/2ddbb699eba8c6914afd1400de7258259564b3ce/neoforge-26.1.2.87-universal.jar > net.neoforged.neoforge-coremods-26.1.2.87.jar
[28Jul2026 17:15:44.943] [main/INFO] [net.neoforged.fml.loading.FMLLoader/]: Building game content classloader:
 - ftblibrary (jar(C:/Users/rylex/.gradle/caches/modules-2/files-2.1/dev.ftb.mods/ftb-library-neoforge/26.1.2.6/28fe8c8ec9d33e0beb84b26716010373d63bb560/ftb-library-neoforge-26.1.2.6.jar))
 - ftbquests (jar(C:/Users/rylex/.gradle/caches/modules-2/files-2.1/dev.ftb.mods/ftb-quests-neoforge/26.1.2.2/48d487c3e8ddbea0ed49018624df39f8a9149581/ftb-quests-neoforge-26.1.2.2.jar))
 - ftbteams (jar(C:/Users/rylex/.gradle/caches/modules-2/files-2.1/dev.ftb.mods/ftb-teams-neoforge/26.1.2.4/4dbb1323eeff1d6a1a534e8f0c44924206bb6982/ftb-teams-neoforge-26.1.2.4.jar))
 - minecraft (composite(filtered(jar(E:/Minecraft/Personal/Mods/26.1.2/questboxselect/build/moddev/artifacts/minecraft-patched-26.1.2.87.jar)), filtered(jar(E:/Minecraft/Personal/Mods/26.1.2/questboxselect/build/moddev/artifacts/minecraft-patched-26.1.2.87.jar))))
 - mixinextras.neoforge (jar(C:/Users/rylex/.gradle/caches/modules-2/files-2.1/net.neoforged/neoforge/26.1.2.87/2ddbb699eba8c6914afd1400de7258259564b3ce/neoforge-26.1.2.87-universal.jar > mixinextras-neoforge-0.5.4.jar))
 - neoforge (composite(filtered(jar(C:/Users/rylex/.gradle/caches/modules-2/files-2.1/net.neoforged/neoforge/26.1.2.87/2ddbb699eba8c6914afd1400de7258259564b3ce/neoforge-26.1.2.87-universal.jar))))
 - net.neoforged.fml.generated (empty(VirtualJar/net.neoforged.fml.generated))
 - questboxselect (composite(folder(E:/Minecraft/Personal/Mods/26.1.2/questboxselect/build/classes/java/main), folder(E:/Minecraft/Personal/Mods/26.1.2/questboxselect/build/resources/main)))
[28Jul2026 17:15:44.953] [main/INFO] [net.neoforged.fml.loading.FMLLoader/]: Built game content classloader in 14ms
[28Jul2026 17:15:45.121] [main/INFO] [MixinExtras|Service/]: Initializing MixinExtras via com.llamalad7.mixinextras.service.MixinExtrasServiceImpl(version=0.5.4).
[28Jul2026 17:15:45.736] [Datafixer Bootstrap/INFO] [com.mojang.datafixers.DataFixerBuilder/]: 294 Datafixer optimizations took 208 milliseconds
[28Jul2026 17:15:48.656] [main/WARN] [net.minecraft.commands.Commands/]: Ambiguity between arguments [teleport, location] and [teleport, destination] with inputs: [0.1 -0.5 .9, 0 0 0]
[28Jul2026 17:15:48.657] [main/WARN] [net.minecraft.commands.Commands/]: Ambiguity between arguments [teleport, location] and [teleport, targets] with inputs: [0.1 -0.5 .9, 0 0 0]
[28Jul2026 17:15:48.658] [main/WARN] [net.minecraft.commands.Commands/]: Ambiguity between arguments [teleport, destination] and [teleport, targets] with inputs: [Player, 0123, @e, dd12be42-52a9-4a91-a8a1-11c01849e498]
[28Jul2026 17:15:48.659] [main/WARN] [net.minecraft.commands.Commands/]: Ambiguity between arguments [teleport, targets] and [teleport, destination] with inputs: [Player, 0123, dd12be42-52a9-4a91-a8a1-11c01849e498]
[28Jul2026 17:15:48.659] [main/WARN] [net.minecraft.commands.Commands/]: Ambiguity between arguments [teleport, targets, location] and [teleport, targets, destination] with inputs: [0.1 -0.5 .9, 0 0 0]
[28Jul2026 17:15:48.660] [main/WARN] [net.minecraft.commands.Commands/]: Ambiguity between arguments [time, set, time] and [time, set, timemarker] with inputs: [0, 0s, 0d, 0t]
[28Jul2026 17:15:48.661] [main/WARN] [net.minecraft.commands.Commands/]: Ambiguity between arguments [time, set, timemarker] and [time, set, time] with inputs: [012]
[28Jul2026 17:15:48.662] [main/WARN] [net.minecraft.commands.Commands/]: Ambiguity between arguments [time, of, clock, set, time] and [time, of, clock, set, timemarker] with inputs: [0, 0s, 0d, 0t]
[28Jul2026 17:15:48.662] [main/WARN] [net.minecraft.commands.Commands/]: Ambiguity between arguments [time, of, clock, set, timemarker] and [time, of, clock, set, time] with inputs: [012]
[28Jul2026 17:15:48.663] [main/WARN] [net.minecraft.commands.Commands/]: Ambiguity between arguments [waypoint, modify, waypoint, color, reset] and [waypoint, modify, waypoint, color, color] with inputs: [reset]
[28Jul2026 17:15:48.708] [modloading-worker-0/INFO] [net.neoforged.neoforge.common.NeoForgeMod/NEOFORGE-MOD]: NeoForge mod loading, version 26.1.2.87, for MC 26.1.2
[28Jul2026 17:15:48.715] [modloading-worker-0/INFO] [FTB Library/]: creating new default config file at E:\Minecraft\Personal\Mods\26.1.2\questboxselect\runs\client\config\ftblibrary-startup.json5
[28Jul2026 17:15:49.121] [Render thread/INFO] [com.mojang.authlib.yggdrasil.YggdrasilAuthenticationService/]: Environment: Environment[sessionHost=https://sessionserver.mojang.com, servicesHost=https://api.minecraftservices.com, profilesHost=https://api.mojang.com, name=PROD]
[28Jul2026 17:15:49.136] [Render thread/INFO] [net.minecraft.client.Minecraft/]: Setting user: Dev
[28Jul2026 17:15:49.188] [Render thread/INFO] [net.minecraft.client.Minecraft/]: Backend library: LWJGL version 3.4.1+2
[28Jul2026 17:15:49.312] [Render thread/INFO] [net.minecraft.client.Minecraft/]: Using optional rendering extensions: GL_ARB_buffer_storage, GL_KHR_debug, GL_ARB_vertex_attrib_binding, GL_ARB_direct_state_access, GL_EXT_texture_filter_anisotropic
[28Jul2026 17:15:49.965] [Render thread/INFO] [net.minecraft.server.packs.resources.ReloadableResourceManager/]: Reloading ResourceManager: vanilla, mod_resources, mod/ftblibrary, mod/ftbteams, mod/ftbquests, mod/questboxselect, mod/neoforge
[28Jul2026 17:15:49.997] [resourceLoad/INFO] [net.minecraft.client.gui.font.providers.UnihexProvider/]: Found unifont_all_no_pua-17.0.01.hex, loading
[28Jul2026 17:15:49.997] [resourceLoad/INFO] [net.minecraft.client.gui.font.providers.UnihexProvider/]: Found unifont_pua-17.0.01.hex, loading
[28Jul2026 17:15:49.998] [Render thread/INFO] [FTB Library/]: creating new default config file at E:\Minecraft\Personal\Mods\26.1.2\questboxselect\runs\client\config\ftblibrary-client.json5
[28Jul2026 17:15:50.011] [Render thread/INFO] [FTB Library/]: creating new default config file at E:\Minecraft\Personal\Mods\26.1.2\questboxselect\runs\client\config\ftbquests-client.json5
[28Jul2026 17:15:50.060] [resourceLoad/INFO] [net.minecraft.client.gui.font.providers.UnihexProvider/]: Found unifont_jp_patch-17.0.01.hex, loading
[28Jul2026 17:15:50.177] [resourceLoad/ERROR] [net.minecraft.client.resources.model.ClientItemInfoLoader/]: Couldn't parse item model 'ftbquests:lootcrate' from pack 'mod/ftbquests': Unknown element id: ftbquests:loot_crate
[28Jul2026 17:15:50.872] [Render thread/WARN] [com.mojang.blaze3d.opengl.GlProgram/]: neoforge:pipeline/item_translucent_unlit shader program does not use sampler Sampler2 defined in the pipeline. This might be a bug.
[28Jul2026 17:15:50.973] [Render thread/WARN] [com.mojang.blaze3d.opengl.GlProgram/]: neoforge:pipeline/item_cutout_unlit shader program does not use sampler Sampler2 defined in the pipeline. This might be a bug.
[28Jul2026 17:15:51.099] [Render thread/INFO] [com.mojang.blaze3d.audio.Library/]: OpenAL initialized on device OpenAL Soft on Main Out 1/2 (Studio 26c)
[28Jul2026 17:15:51.100] [Render thread/INFO] [net.minecraft.client.sounds.SoundEngine/SOUNDS]: Sound engine started
[28Jul2026 17:15:51.101] [Render thread/INFO] [net.minecraft.client.renderer.texture.TextureAtlas/]: Created: 512x256x0 minecraft:textures/atlas/particles.png-atlas
[28Jul2026 17:15:51.109] [Render thread/INFO] [net.minecraft.client.renderer.texture.TextureAtlas/]: Created: 128x128x0 minecraft:textures/atlas/decorated_pot.png-atlas
[28Jul2026 17:15:51.112] [Render thread/INFO] [net.minecraft.client.renderer.texture.TextureAtlas/]: Created: 2048x1024x0 minecraft:textures/atlas/armor_trims.png-atlas
[28Jul2026 17:15:51.121] [Render thread/INFO] [net.minecraft.client.renderer.texture.TextureAtlas/]: Created: 512x256x0 minecraft:textures/atlas/paintings.png-atlas
[28Jul2026 17:15:51.127] [Render thread/INFO] [net.minecraft.client.renderer.texture.TextureAtlas/]: Created: 1024x512x0 minecraft:textures/atlas/shield_patterns.png-atlas
[28Jul2026 17:15:51.128] [Render thread/INFO] [net.minecraft.client.renderer.texture.TextureAtlas/]: Created: 2048x2048x4 minecraft:textures/atlas/blocks.png-atlas
[28Jul2026 17:15:51.166] [Render thread/INFO] [net.minecraft.client.renderer.texture.TextureAtlas/]: Created: 512x512x0 minecraft:textures/atlas/chest.png-atlas
[28Jul2026 17:15:51.173] [Render thread/INFO] [net.minecraft.client.renderer.texture.TextureAtlas/]: Created: 256x128x0 minecraft:textures/atlas/celestials.png-atlas
[28Jul2026 17:15:51.174] [Render thread/INFO] [net.minecraft.client.renderer.texture.TextureAtlas/]: Created: 1024x512x0 minecraft:textures/atlas/banner_patterns.png-atlas
[28Jul2026 17:15:51.175] [Render thread/INFO] [net.minecraft.client.renderer.texture.TextureAtlas/]: Created: 512x512x0 minecraft:textures/atlas/beds.png-atlas
[28Jul2026 17:15:51.175] [Render thread/INFO] [net.minecraft.client.renderer.texture.TextureAtlas/]: Created: 1024x512x0 minecraft:textures/atlas/items.png-atlas
[28Jul2026 17:15:51.183] [Render thread/INFO] [net.minecraft.client.renderer.texture.TextureAtlas/]: Created: 1024x1024x0 minecraft:textures/atlas/gui.png-atlas
[28Jul2026 17:15:51.193] [Render thread/INFO] [net.minecraft.client.renderer.texture.TextureAtlas/]: Created: 128x64x0 minecraft:textures/atlas/map_decorations.png-atlas
[28Jul2026 17:15:51.197] [Render thread/INFO] [net.minecraft.client.renderer.texture.TextureAtlas/]: Created: 512x256x0 minecraft:textures/atlas/signs.png-atlas
[28Jul2026 17:15:51.198] [Render thread/INFO] [net.minecraft.client.renderer.texture.TextureAtlas/]: Created: 512x512x0 minecraft:textures/atlas/shulker_boxes.png-atlas
[28Jul2026 17:15:51.253] [Render thread/INFO] [net.neoforged.neoforge.client.entity.animation.json.AnimationLoader/]: Loaded 0 entity animations
